Category: 📺央视频道, Name: CCTV-1, Total: 1, Valid: 0, Valid Percent: 0.00%, Whitelist: 0, IPv4: 1, IPv6: 0, Min Delay: -1 ms, Max Speed: 0.00 M/s, Avg Speed: 0.00 M/s, Max Resolution: 1280x720
Category: 📺央视频道, Name: CCTV-2, Total: 4, Valid: 4, Valid Percent: 100.00%, Whitelist: 0, IPv4: 4, IPv6: 0, Min Delay: 1733 ms, Max Speed: 2.15 M/s, Avg Speed: 1.90 M/s, Max Resolution: 1920x1080
Category: 📺央视频道, Name: CCTV-3, Total: 12, Valid: 12, Valid Percent: 100.00%, Whitelist: 0, IPv4: 12, IPv6: 0, Min Delay: 59 ms, Max Speed: 85.97 M/s, Avg Speed: 22.81 M/s, Max Resolution: 1920x1080
Category: 📺央视频道, Name: CCTV-4, Total: 12, Valid: 12, Valid Percent: 100.00%, Whitelist: 0, IPv4: 12, IPv6: 0, Min Delay: 59 ms, Max Speed: 85.97 M/s, Avg Speed: 36.85 M/s, Max Resolution: 1920x1080
Category: 📺央视频道, Name: CCTV-5, Total: 23, Valid: 23, Valid Percent: 100.00%, Whitelist: 0, IPv4: 23, IPv6: 0, Min Delay: 59 ms, Max Speed: 85.97 M/s, Avg Speed: 20.56 M/s, Max Resolution: 1920x1080
Category: 📺央视频道, Name: CCTV-5+, Total: 4, Valid: 4, Valid Percent: 100.00%, Whitelist: 0, IPv4: 4, IPv6: 0, Min Delay: 483 ms, Max Speed: 3.99 M/s, Avg Speed: 2.23 M/s, Max Resolution: 1920x1080
Category: 📺央视频道, Name: CCTV-6, Total: 23, Valid: 23, Valid Percent: 100.00%, Whitelist: 0, IPv4: 23, IPv6: 0, Min Delay: 59 ms, Max Speed: 85.97 M/s, Avg Speed: 27.75 M/s, Max Resolution: 1920x1080
Category: 📺央视频道, Name: CCTV-7, Total: 19, Valid: 19, Valid Percent: 100.00%, Whitelist: 0, IPv4: 19, IPv6: 0, Min Delay: 59 ms, Max Speed: 85.97 M/s, Avg Speed: 33.18 M/s, Max Resolution: 1920x1080
Category: 📺央视频道, Name: CCTV-8, Total: 25, Valid: 25, Valid Percent: 100.00%, Whitelist: 0, IPv4: 25, IPv6: 0, Min Delay: 59 ms, Max Speed: 85.97 M/s, Avg Speed: 22.43 M/s, Max Resolution: 1920x1080
Category: 📺央视频道, Name: CCTV-9, Total: 23, Valid: 23, Valid Percent: 100.00%, Whitelist: 0, IPv4: 23, IPv6: 0, Min Delay: 59 ms, Max Speed: 85.97 M/s, Avg Speed: 27.65 M/s, Max Resolution: 1920x1080
Category: 📺央视频道, Name: CCTV-10, Total: 26, Valid: 26, Valid Percent: 100.00%, Whitelist: 0, IPv4: 26, IPv6: 0, Min Delay: 59 ms, Max Speed: 85.97 M/s, Avg Speed: 24.53 M/s, Max Resolution: 1920x1080
Category: 📺央视频道, Name: CCTV-11, Total: 20, Valid: 20, Valid Percent: 100.00%, Whitelist: 0, IPv4: 20, IPv6: 0, Min Delay: 59 ms, Max Speed: 85.97 M/s, Avg Speed: 27.48 M/s, Max Resolution: 1920x1080
Category: 📺央视频道, Name: CCTV-12, Total: 21, Valid: 21, Valid Percent: 100.00%, Whitelist: 0, IPv4: 21, IPv6: 0, Min Delay: 59 ms, Max Speed: 85.97 M/s, Avg Speed: 30.26 M/s, Max Resolution: 1920x1080
Category: 📺央视频道, Name: CCTV-13, Total: 23, Valid: 23, Valid Percent: 100.00%, Whitelist: 0, IPv4: 19, IPv6: 4, Min Delay: 59 ms, Max Speed: 85.97 M/s, Avg Speed: 27.55 M/s, Max Resolution: 1920x1080
Category: 📺央视频道, Name: CCTV-14, Total: 24, Valid: 24, Valid Percent: 100.00%, Whitelist: 0, IPv4: 22, IPv6: 2, Min Delay: 59 ms, Max Speed: 85.97 M/s, Avg Speed: 26.72 M/s, Max Resolution: 1920x1080
Category: 📺央视频道, Name: CCTV-15, Total: 23, Valid: 23, Valid Percent: 100.00%, Whitelist: 0, IPv4: 23, IPv6: 0, Min Delay: 59 ms, Max Speed: 85.97 M/s, Avg Speed: 27.98 M/s, Max Resolution: 1920x1080
Category: 📺央视频道, Name: CCTV-16, Total: 19, Valid: 19, Valid Percent: 100.00%, Whitelist: 0, IPv4: 19, IPv6: 0, Min Delay: 59 ms, Max Speed: 85.97 M/s, Avg Speed: 20.19 M/s, Max Resolution: 1920x1080
Category: 📺央视频道, Name: CCTV-17, Total: 20, Valid: 20, Valid Percent: 100.00%, Whitelist: 0, IPv4: 20, IPv6: 0, Min Delay: 59 ms, Max Speed: 85.97 M/s, Avg Speed: 31.69 M/s, Max Resolution: 1920x1080
Category: 📡卫视频道, Name: 广东卫视, Total: 15, Valid: 15, Valid Percent: 100.00%, Whitelist: 0, IPv4: 15, IPv6: 0, Min Delay: 11 ms, Max Speed: 144.64 M/s, Avg Speed: 54.71 M/s, Max Resolution: 1920x1080
Category: 📡卫视频道, Name: 浙江卫视, Total: 16, Valid: 16, Valid Percent: 100.00%, Whitelist: 0, IPv4: 16, IPv6: 0, Min Delay: 59 ms, Max Speed: 85.97 M/s, Avg Speed: 33.63 M/s, Max Resolution: 1920x1080
Category: 📡卫视频道, Name: 湖南卫视, Total: 25, Valid: 25, Valid Percent: 100.00%, Whitelist: 0, IPv4: 25, IPv6: 0, Min Delay: 11 ms, Max Speed: 144.64 M/s, Avg Speed: 31.33 M/s, Max Resolution: 3840x2160
Category: 📡卫视频道, Name: 北京卫视, Total: 18, Valid: 18, Valid Percent: 100.00%, Whitelist: 0, IPv4: 18, IPv6: 0, Min Delay: 59 ms, Max Speed: 85.97 M/s, Avg Speed: 34.86 M/s, Max Resolution: 1920x1080
Category: 📡卫视频道, Name: 湖北卫视, Total: 16, Valid: 16, Valid Percent: 100.00%, Whitelist: 0, IPv4: 16, IPv6: 0, Min Delay: 59 ms, Max Speed: 85.97 M/s, Avg Speed: 38.91 M/s, Max Resolution: 1920x1080
Category: 📡卫视频道, Name: 黑龙江卫视, Total: 15, Valid: 15, Valid Percent: 100.00%, Whitelist: 0, IPv4: 15, IPv6: 0, Min Delay: 59 ms, Max Speed: 85.97 M/s, Avg Speed: 41.24 M/s, Max Resolution: 1920x1080
Category: 📡卫视频道, Name: 安徽卫视, Total: 16, Valid: 16, Valid Percent: 100.00%, Whitelist: 0, IPv4: 16, IPv6: 0, Min Delay: 59 ms, Max Speed: 85.97 M/s, Avg Speed: 38.83 M/s, Max Resolution: 1920x1080
Category: 📡卫视频道, Name: 重庆卫视, Total: 17, Valid: 17, Valid Percent: 100.00%, Whitelist: 0, IPv4: 17, IPv6: 0, Min Delay: 59 ms, Max Speed: 85.97 M/s, Avg Speed: 41.68 M/s, Max Resolution: 1920x1080
Category: 📡卫视频道, Name: 东方卫视, Total: 19, Valid: 19, Valid Percent: 100.00%, Whitelist: 0, IPv4: 19, IPv6: 0, Min Delay: 11 ms, Max Speed: 144.64 M/s, Avg Speed: 45.13 M/s, Max Resolution: 1920x1080
Category: 📡卫视频道, Name: 东南卫视, Total: 16, Valid: 16, Valid Percent: 100.00%, Whitelist: 0, IPv4: 16, IPv6: 0, Min Delay: 59 ms, Max Speed: 85.97 M/s, Avg Speed: 49.45 M/s, Max Resolution: 1920x1080
Category: 📡卫视频道, Name: 甘肃卫视, Total: 11, Valid: 11, Valid Percent: 100.00%, Whitelist: 0, IPv4: 11, IPv6: 0, Min Delay: 59 ms, Max Speed: 85.97 M/s, Avg Speed: 55.64 M/s, Max Resolution: 1920x1080
Category: 📡卫视频道, Name: 广西卫视, Total: 19, Valid: 18, Valid Percent: 94.74%, Whitelist: 0, IPv4: 16, IPv6: 3, Min Delay: 59 ms, Max Speed: 85.97 M/s, Avg Speed: 44.15 M/s, Max Resolution: 1920x1080
Category: 📡卫视频道, Name: 贵州卫视, Total: 17, Valid: 17, Valid Percent: 100.00%, Whitelist: 0, IPv4: 17, IPv6: 0, Min Delay: 59 ms, Max Speed: 85.97 M/s, Avg Speed: 51.51 M/s, Max Resolution: 1920x1080
Category: 📡卫视频道, Name: 海南卫视, Total: 11, Valid: 11, Valid Percent: 100.00%, Whitelist: 0, IPv4: 11, IPv6: 0, Min Delay: 59 ms, Max Speed: 85.97 M/s, Avg Speed: 55.41 M/s, Max Resolution: 1920x1080
Category: 📡卫视频道, Name: 河北卫视, Total: 18, Valid: 18, Valid Percent: 100.00%, Whitelist: 0, IPv4: 18, IPv6: 0, Min Delay: 59 ms, Max Speed: 85.97 M/s, Avg Speed: 43.99 M/s, Max Resolution: 1920x1080
Category: 📡卫视频道, Name: 河南卫视, Total: 19, Valid: 19, Valid Percent: 100.00%, Whitelist: 0, IPv4: 19, IPv6: 0, Min Delay: 59 ms, Max Speed: 85.97 M/s, Avg Speed: 46.27 M/s, Max Resolution: 1920x1080
Category: 📡卫视频道, Name: 吉林卫视, Total: 13, Valid: 13, Valid Percent: 100.00%, Whitelist: 0, IPv4: 13, IPv6: 0, Min Delay: 59 ms, Max Speed: 85.97 M/s, Avg Speed: 40.91 M/s, Max Resolution: 1920x1080
Category: 📡卫视频道, Name: 江苏卫视, Total: 18, Valid: 18, Valid Percent: 100.00%, Whitelist: 0, IPv4: 18, IPv6: 0, Min Delay: 11 ms, Max Speed: 144.64 M/s, Avg Speed: 42.86 M/s, Max Resolution: 1920x1080
Category: 📡卫视频道, Name: 江西卫视, Total: 15, Valid: 15, Valid Percent: 100.00%, Whitelist: 0, IPv4: 15, IPv6: 0, Min Delay: 59 ms, Max Speed: 85.97 M/s, Avg Speed: 41.24 M/s, Max Resolution: 1920x1080
Category: 📡卫视频道, Name: 辽宁卫视, Total: 16, Valid: 16, Valid Percent: 100.00%, Whitelist: 0, IPv4: 16, IPv6: 0, Min Delay: 59 ms, Max Speed: 85.97 M/s, Avg Speed: 44.23 M/s, Max Resolution: 1920x1080
Category: 📡卫视频道, Name: 内蒙古卫视, Total: 12, Valid: 12, Valid Percent: 100.00%, Whitelist: 0, IPv4: 12, IPv6: 0, Min Delay: 59 ms, Max Speed: 85.97 M/s, Avg Speed: 37.10 M/s, Max Resolution: 1920x1080
Category: 📡卫视频道, Name: 宁夏卫视, Total: 13, Valid: 13, Valid Percent: 100.00%, Whitelist: 0, IPv4: 13, IPv6: 0, Min Delay: 59 ms, Max Speed: 85.97 M/s, Avg Speed: 40.98 M/s, Max Resolution: 1920x1080
Category: 📡卫视频道, Name: 青海卫视, Total: 18, Valid: 18, Valid Percent: 100.00%, Whitelist: 0, IPv4: 16, IPv6: 2, Min Delay: 59 ms, Max Speed: 85.97 M/s, Avg Speed: 39.22 M/s, Max Resolution: 1920x1080
Category: 📡卫视频道, Name: 山东卫视, Total: 16, Valid: 16, Valid Percent: 100.00%, Whitelist: 0, IPv4: 16, IPv6: 0, Min Delay: 59 ms, Max Speed: 85.97 M/s, Avg Speed: 38.94 M/s, Max Resolution: 1920x1080
Category: 📡卫视频道, Name: 山西卫视, Total: 12, Valid: 12, Valid Percent: 100.00%, Whitelist: 0, IPv4: 12, IPv6: 0, Min Delay: 59 ms, Max Speed: 85.97 M/s, Avg Speed: 37.10 M/s, Max Resolution: 1920x1080
Category: 📡卫视频道, Name: 陕西卫视, Total: 12, Valid: 12, Valid Percent: 100.00%, Whitelist: 0, IPv4: 12, IPv6: 0, Min Delay: 59 ms, Max Speed: 85.97 M/s, Avg Speed: 23.22 M/s, Max Resolution: 1920x1080
Category: 📡卫视频道, Name: 四川卫视, Total: 18, Valid: 18, Valid Percent: 100.00%, Whitelist: 0, IPv4: 18, IPv6: 0, Min Delay: 59 ms, Max Speed: 85.97 M/s, Avg Speed: 48.69 M/s, Max Resolution: 1920x1080
Category: 📡卫视频道, Name: 深圳卫视, Total: 18, Valid: 16, Valid Percent: 88.89%, Whitelist: 0, IPv4: 18, IPv6: 0, Min Delay: 59 ms, Max Speed: 85.97 M/s, Avg Speed: 38.83 M/s, Max Resolution: 1920x1080
Category: 📡卫视频道, Name: 三沙卫视, Total: 11, Valid: 11, Valid Percent: 100.00%, Whitelist: 0, IPv4: 11, IPv6: 0, Min Delay: 59 ms, Max Speed: 85.97 M/s, Avg Speed: 47.99 M/s, Max Resolution: 1920x1080
Category: 📡卫视频道, Name: 天津卫视, Total: 14, Valid: 14, Valid Percent: 100.00%, Whitelist: 0, IPv4: 14, IPv6: 0, Min Delay: 59 ms, Max Speed: 85.97 M/s, Avg Speed: 38.19 M/s, Max Resolution: 1920x1080
Category: 📡卫视频道, Name: 西藏卫视, Total: 11, Valid: 11, Valid Percent: 100.00%, Whitelist: 0, IPv4: 11, IPv6: 0, Min Delay: 59 ms, Max Speed: 85.97 M/s, Avg Speed: 40.02 M/s, Max Resolution: 1920x1080
Category: 📡卫视频道, Name: 新疆卫视, Total: 13, Valid: 13, Valid Percent: 100.00%, Whitelist: 0, IPv4: 13, IPv6: 0, Min Delay: 59 ms, Max Speed: 85.97 M/s, Avg Speed: 34.35 M/s, Max Resolution: 1920x1080
Category: 📡卫视频道, Name: 云南卫视, Total: 17, Valid: 17, Valid Percent: 100.00%, Whitelist: 0, IPv4: 17, IPv6: 0, Min Delay: 59 ms, Max Speed: 85.97 M/s, Avg Speed: 46.48 M/s, Max Resolution: 1920x1080
